// Jest Snapshot v1, https://goo.gl/fbAQLP

exports[`Client Container renders correctly 1`] = `
<ContextConsumer>
  <Component />
</ContextConsumer>
`;
