// Jest Snapshot v1, https://goo.gl/fbAQLP

exports[`historyItem should render correctly compared to snapshot 1`] = `""`;
