// Jest Snapshot v1, https://goo.gl/fbAQLP

exports[`Contact Form should render matching snapshot 1`] = `
<div
  className="container pt-3"
>
  <form
    onSubmit={[MockFunction]}
  >
    <div
      className="form-group"
    >
      <label
        htmlFor="name"
      >
        Name
      </label>
      <input
        className="form-control"
        name="name"
        onChange={[MockFunction]}
        placeholder="Enter name"
        required={true}
        type="text"
        value="john"
      />
    </div>
    <div
      className="form-group"
    >
      <label
        htmlFor="email"
      >
        Email address
      </label>
      <input
        className="form-control"
        name="email"
        onChange={[MockFunction]}
        placeholder="Enter email"
        type="email"
        value="email"
      />
    </div>
    <div
      className="form-group"
    >
      <label
        htmlFor="message"
      >
        Message
      </label>
      <textarea
        className="form-control"
        name="message"
        onChange={[MockFunction]}
        placeholder="Enter message"
        required={true}
        rows="3"
        value="message"
      />
    </div>
    <button
      className="btn btn-primary"
      disabled={false}
      type="submit"
    >
      Send
    </button>
  </form>
</div>
`;
