// Jest Snapshot v1, https://goo.gl/fbAQLP

exports[`site header renders correctly 1`] = `
<Route>
  <Component />
</Route>
`;
