// Jest Snapshot v1, https://goo.gl/fbAQLP

exports[`ArticleRow renders correctly 1`] = `
<div
  className="row"
>
  <div
    className="col-md"
    key="0"
  >
    <Article
      0="a"
      minHeight="100"
    />
  </div>
  <div
    className="col-md"
    key="1"
  >
    <Article
      0="b"
      minHeight="100"
    />
  </div>
</div>
`;
